gavrasm Gerd's AVR assembler version 4.4 (C)2019 by DG4FAC
----------------------------------------------------------

Path:        /home/milo/Schreibtisch/Code/GitHub/MDX-Assembly-Debugger/test/jumps/
Source file: branch.asm
Hex file:    branch.hex
Eeprom file: branch.eep
Compiled:    08.12.2019, 17:04:16
Pass:        2

     1: .INCLUDE "m32def.inc"
 -> Warning 009: Include defs not necessary, using internal values!
   File: /home/milo/Schreibtisch/Code/GitHub/MDX-Assembly-Debugger/test/jumps/branch.asm, Line: 1
   Source line: .INCLUDE "m32def.inc"
     2: 
     3: .def temp = r18
     4: .def incr = r19
     5: 
     6: init:                    ; SP Init
     7: 000000   E005  ldi r16, 0x05            ; R16 <- 0x0f
     8: 000001   E031  ldi incr, 0x01           ; R19 <- 0x01
     9: 000002   C000  rjmp useless             ; PC <- PC + useless + 1 
    10: 
    11: useless:
    12: 000003   E028  ldi temp, HIGH(RAMEND)   ; R18 <- H(RAMEND)
    13: 000004   BF2E  out SPH, temp            ; [SRAM + 0x20 + SPH] <- R18
    14: 000005   E52F  ldi temp, LOW(RAMEND)    ; R18 <- L(RAMEND)
    15: 000006   BF2D  out SPL, temp            ; [SRAM + 0x20 + SPL] <- R18
    16: 000007   C000  rjmp loop                ; PC <- PC + loop + 1
    17: 
    18: loop:
    19: 000008   3000  cpi r16, 0x00            ; R17 - 0x1f
    20: 000009   F409  brne decrement           ; if (Z = 0): PC <- PC + decrement + 1
    21: 00000A   C004  rjmp second              ; PC <- PC + exit + 1
    22: 
    23: decrement:
    24: 00000B   950A  dec r16                  ; R16 <- R16 - 0x01
    25: 00000C   CFFB  rjmp loop                ; PC <- PC + loop + 1
    26: 
    27: increment:
    28: 00000D   0F03  add r16, incr            ; R16 <- R16 + R19
    29: 00000E   C000  rjmp second              ; PC <- PC + second + 1
    30: 
    31: second:
    32: 00000F   3005  cpi r16, 0x05            ; R16 - 0x05
    33: 000010   F009  breq exit                ; if (Z = 1): PC <- PC + exit + 1
    34: 000011   CFFB  rjmp increment           ; PC <- PC + increment + 1
    35: 
    36: exit:
    37: 000012   0000  nop

List of symbols:
Type nDef nUsed             Decimalval           Hexval Name
  T     1     1                     98               62 ATMEGA32
  L     1     0                      0               00 INIT
  L     1     2                      3               03 USELESS
  L     1     4                      8               08 LOOP
  L     1     2                     11               0B DECREMENT
  L     1     2                     13               0D INCREMENT
  L     1     4                     15               0F SECOND
  L     1     2                     18               12 EXIT
  R     1     4                     18               12 TEMP
  R     1     2                     19               13 INCR
  C     1     0                     19               13 NOW_Y
  C     1     0                     12               0C NOW_M
  C     1     0                      8               08 NOW_D
  C     1     0                  43807             AB1F NOW_I
   No macros.

Program             :       19 words.
Constants           :        0 words.
Total program memory:       19 words.
Eeprom space        :        0 bytes.
Data segment        :        0 bytes.
Compilation completed, no errors.
Compilation endet 08.12.2019, 17:04:16
